// Jest Snapshot v1, https://goo.gl/fbAQLP

exports[`Main renders without crashing 1`] = `
<View
  onLayout={[Function]}
  style={
    {
      "height": "100%",
    }
  }
>
  <View
    style={
      {
        "flex": 1,
      }
    }
  />
  <View
    style={
      {
        "alignItems": "center",
        "flexDirection": "row",
        "justifyContent": "center",
      }
    }
  >
    <Text
      style={
        {
          "fontSize": 23,
        }
      }
    >
      안녕하세요 
    </Text>
    <TextInput
      maxLength={5}
      multiline={false}
      onChangeText={[Function]}
      onSubmitEditing={[Function]}
      placeholder="홍길동"
      style={
        {
          "borderBottomColor": "black",
          "borderBottomWidth": 1,
          "fontSize": 23,
          "width": 100,
        }
      }
      testID="nicknameInput"
      textAlign="center"
    />
    <Text
      style={
        {
          "fontSize": 23,
        }
      }
    >
      님
    </Text>
  </View>
  <View
    style={
      {
        "flex": 0.1,
      }
    }
  />
  <View
    style={
      {
        "alignItems": "center",
        "flexDirection": "row",
        "justifyContent": "center",
      }
    }
  >
    <Text
      style={
        {
          "fontSize": 23,
        }
      }
    >
      문제
    </Text>
    <TextInput
      keyboardType="numeric"
      multiline={false}
      onChangeText={[Function]}
      placeholder="10"
      style={
        {
          "borderBottomColor": "black",
          "borderBottomWidth": 1,
          "fontSize": 23,
          "width": 100,
        }
      }
      testID="quizNumInput"
      textAlign="center"
      value=""
    />
    <Text
      style={
        {
          "fontSize": 23,
        }
      }
    >
      개 풀어보실래요?
    </Text>
  </View>
  <View
    style={
      {
        "flex": 1,
      }
    }
  />
  <View
    accessibilityState={
      {
        "busy": undefined,
        "checked": undefined,
        "disabled": undefined,
        "expanded": undefined,
        "selected": undefined,
      }
    }
    accessibilityValue={
      {
        "max": undefined,
        "min": undefined,
        "now": undefined,
        "text": undefined,
      }
    }
    accessible={true}
    collapsable={false}
    focusable={true}
    onClick={[Function]}
    onResponderGrant={[Function]}
    onResponderMove={[Function]}
    onResponderRelease={[Function]}
    onResponderTerminate={[Function]}
    onResponderTerminationRequest={[Function]}
    onStartShouldSetResponder={[Function]}
    style={
      {
        "alignItems": "center",
        "backgroundColor": "green",
        "borderRadius": 10,
        "height": 60,
        "justifyContent": "center",
        "marginLeft": "auto",
        "marginRight": "auto",
        "opacity": 1,
        "width": "90%",
      }
    }
    testID="quizSolveButton"
  >
    <Text
      style={
        {
          "color": "white",
          "fontSize": 25,
        }
      }
    >
      문제 풀기
    </Text>
  </View>
  <View
    style={
      {
        "flex": 0.5,
      }
    }
  />
</View>
`;
